// Jest Snapshot v1, https://goo.gl/fbAQLP

exports[`Prueba en <PrimeraApp/> Debe de mostrar <PrimeraApp/> correctamente 1`] = `
<div>
  <h1>
    Hola soy Goku
  </h1>
  <p>
    Soy un subtitulo
  </p>
</div>
`;
